// Jest Snapshot v1, https://goo.gl/fbAQLP

exports[`Should render TodoFooter correctly 1`] = `
<div>
  <button
    onClick={[Function]}
    type="button"
  >
    All Todos
  </button>
  <button
    onClick={[Function]}
    type="button"
  >
    Pending Todos
  </button>
  <button
    onClick={[Function]}
    type="button"
  >
    Completed Todoss
  </button>
</div>
`;
